// Jest Snapshot v1, https://goo.gl/fbAQLP

exports[`components/Pill Pill renders with additional variants 1`] = `
.c0 {
  display: -webkit-box;
  display: -webkit-flex;
  display: -ms-flexbox;
  display: flex;
  -webkit-flex-direction: row;
  -ms-flex-direction: row;
  flex-direction: row;
  border-radius: 4px;
  -webkit-box-pack: justify;
  -webkit-justify-content: space-between;
  -ms-flex-pack: justify;
  justify-content: space-between;
}

<div
  class="c0"
>
  <span
    class=""
    role="button"
  >
    test pill
  </span>
</div>
`;
