// Jest Snapshot v1, https://goo.gl/fbAQLP

exports[`compoents/Badge <Badge /> renders with additional variants 1`] = `
.c0 {
  display: inline-block;
  padding: 8px 12px;
  text-align: center;
  white-space: nowrap;
  vertical-align: baseline;
  border: 1px solid transparent;
  border-radius: 4px;
  background-color: #c1e0b7;
  color: #313f4e;
}

<span
  class="sc-AxiKw c0"
  scale="200"
>
  test badge
</span>
`;
