// Jest Snapshot v1, https://goo.gl/fbAQLP

exports[`components/Pill Pill renders with additional variants 1`] = `
.c0 {
  display: -webkit-box;
  display: -webkit-flex;
  display: -ms-flexbox;
  display: flex;
  -webkit-flex-direction: row;
  -ms-flex-direction: row;
  flex-direction: row;
  border-radius: 9999px;
  -webkit-box-pack: justify;
  -webkit-justify-content: space-between;
  -ms-flex-pack: justify;
  justify-content: space-between;
}

.c1 {
  padding-left: xs;
  padding-right: xs;
  padding-top: 8px;
  padding-bottom: 8px;
}

<div
  class="c0"
>
  <span
    class="c1"
  >
    test pill
  </span>
</div>
`;
