// Jest Snapshot v1, https://goo.gl/fbAQLP

exports[`components/Banner <Banner /> renders correctly 1`] = `
.c0 {
  display: -webkit-box;
  display: -webkit-flex;
  display: -ms-flexbox;
  display: flex;
  -webkit-align-items: flex-start;
  -webkit-box-align: flex-start;
  -ms-flex-align: flex-start;
  align-items: flex-start;
  -webkit-box-pack: center;
  -webkit-justify-content: center;
  -ms-flex-pack: center;
  justify-content: center;
  padding-top: md;
  padding-bottom: md;
  padding-left: md;
}

.c1 {
  -webkit-flex: 1 1 auto;
  -ms-flex: 1 1 auto;
  flex: 1 1 auto;
  padding: md;
}

.c2 {
  display: inline-block;
  margin: 0;
  -webkit-letter-spacing: -0.05px;
  -moz-letter-spacing: -0.05px;
  -ms-letter-spacing: -0.05px;
  letter-spacing: -0.05px;
}

<div
  class=""
>
  <div
    class="c0"
  >
    <svg
      aria-hidden="true"
      fill="none"
      height="24"
      viewBox="0 0 24 24"
      width="24"
    >
      <path
        d="M12 2C6.5 2 2 6.5 2 12s4.5 10 10 10 10-4.5 10-10S17.5 2 12 2zm4.2 8.2l-5 5c-.4.4-1 .4-1.4 0l-2-2c-.4-.4-.4-1 0-1.4.4-.4 1-.4 1.4 0l1.3 1.3 4.3-4.3c.4-.4 1-.4 1.4 0 .4.4.4 1 0 1.4z"
        fill="currentColor"
      />
    </svg>
  </div>
  <div
    class="c1"
  >
    <p
      class="c2"
    >
      test banner
    </p>
  </div>
</div>
`;
