// Jest Snapshot v1, https://goo.gl/fbAQLP

exports[`components/Badge <Badge /> renders with additional variants 1`] = `
<span
  class="Box-sc-1sdmhvq-0"
>
  test badge
</span>
`;

exports[`components/Badge <Badge /> renders with icon 1`] = `
.c0 {
  margin-left: xxs;
}

<div
  class="Box-sc-1sdmhvq-0"
>
  <svg
    aria-hidden="true"
    fill="none"
    height="14"
    viewBox="0 0 24 24"
    width="14"
  >
    <path
      d="M19.29 5.79L9 16.086l-4.29-4.248a1 1 0 00-1.71.704 1 1 0 00.29.705l5 4.998a1 1 0 00.71.25 1 1 0 00.71-.29l11-10.996a1.004 1.004 0 10-1.42-1.42z"
      fill="currentColor"
    />
  </svg>
  <span
    class="c0"
  >
    test badge
  </span>
</div>
`;
