// Jest Snapshot v1, https://goo.gl/fbAQLP

exports[`components/Banner <Banner /> renders correctly 1`] = `
.c1 {
  display: -webkit-box;
  display: -webkit-flex;
  display: -ms-flexbox;
  display: flex;
  -webkit-align-items: flex-start;
  -webkit-box-align: flex-start;
  -ms-flex-align: flex-start;
  align-items: flex-start;
  -webkit-box-pack: center;
  -webkit-justify-content: center;
  -ms-flex-pack: center;
  justify-content: center;
  padding: 16px 0 16px 16px;
  font-size: 16px;
}

.c2 {
  -webkit-flex: 1;
  -ms-flex: 1;
  flex: 1;
  padding: 16px;
}

.c0 {
  display: -webkit-box;
  display: -webkit-flex;
  display: -ms-flexbox;
  display: flex;
  min-height: 38px;
  border-radius: 4px;
  line-height: 1;
  overflow: hidden;
  background-color: green01;
  color: grey08;
}

.c3 {
  display: inline-block;
  margin: 0;
  -webkit-letter-spacing: -0.05px;
  -moz-letter-spacing: -0.05px;
  -ms-letter-spacing: -0.05px;
  letter-spacing: -0.05px;
}

<div
  class="c0"
>
  <div
    class="c1"
  >
    <svg
      aria-hidden="true"
      fill="none"
      height="24"
      viewBox="0 0 24 24"
      width="24"
    >
      <path
        d="M12 2C6.5 2 2 6.5 2 12s4.5 10 10 10 10-4.5 10-10S17.5 2 12 2zm4.2 8.2l-5 5c-.4.4-1 .4-1.4 0l-2-2c-.4-.4-.4-1 0-1.4.4-.4 1-.4 1.4 0l1.3 1.3 4.3-4.3c.4-.4 1-.4 1.4 0 .4.4.4 1 0 1.4z"
        fill="#639a50"
      />
    </svg>
  </div>
  <div
    class="c2"
  >
    <p
      class="c3"
    >
      test banner
    </p>
  </div>
</div>
`;
